
 - final statistics:
44 variables; iteration 0; function evaluation 0
Function value 8.6121e+00; maximum gradient component mag -1.0074e-05
Exit code = 0;  converg criter 1.0000e+01
Var    Value     Gradient |Var    Value     Gradient |Var    Value     Gradient
  1  0.01564 -1.00744e-05 |  2 -0.01731 -1.65958e-07 |  3 -0.03717  7.02618e-07
  4 -0.03701  6.98592e-07 |  5 -0.01434  7.20070e-07 |  6 -0.02896  7.50660e-07
  7 -0.03895  7.43233e-07 |  8 -0.02100  7.14432e-07 |  9 -0.07702  7.52859e-07
 10  0.04778  3.98865e-07 | 11 -0.05173  6.79783e-07 | 12 -0.08022  6.70974e-07
 13 -0.05601  5.10803e-07 | 14  0.07367 -1.22636e-07 | 15  0.00802 -1.13071e-07
 16  0.03459 -8.50117e-07 | 17  0.00683 -6.76034e-07 | 18  0.01991 -1.35220e-06
 19  0.05262 -2.54840e-06 | 20  0.00757 -7.87642e-07 | 21  0.02593 -2.01325e-06
 22 -0.01440 -2.36673e-07 | 23 -0.00671 -1.21074e-06 | 24  0.04941 -2.80743e-06
 25  0.03793 -2.46938e-06 | 26  0.00196 -7.04301e-07 | 27  0.05880 -1.85079e-06
 28  0.03974 -4.73152e-07 | 29 -0.02083  4.09012e-07 | 30  0.03533  2.45318e-07
 31 -0.00161  6.03118e-07 | 32 -0.01219  7.85356e-07 | 33  0.00042  8.35811e-07
 34 -0.02802  8.31971e-07 | 35 -0.00054  8.40496e-07 | 36  0.02939  8.31197e-07
 37  0.00402  8.01627e-07 | 38  0.00091  7.87635e-07 | 39 -0.00019  7.79033e-07
 40 -0.00125  7.85276e-07 | 41 -0.00212  7.83531e-07 | 42 -0.00232  7.77202e-07
 43 -0.00237  7.87345e-07 | 44  0.50694  9.81979e-10 |

 - final statistics:
57 variables; iteration 0; function evaluation 0
Function value 8.6121e+00; maximum gradient component mag -1.0075e-05
Exit code = 0;  converg criter 1.0000e+01
Var    Value     Gradient |Var    Value     Gradient |Var    Value     Gradient
  1  0.01564 -1.00745e-05 |  2 -0.01731 -1.65957e-07 |  3 -0.00053  1.32069e-08
  4 -0.00226 -1.54076e-09 |  5 -0.00964  5.47512e-09 |  6 -0.01240  5.31255e-09
  7 -0.01747  6.19887e-09 |  8 -0.00386 -1.38040e-09 |  9  0.01300 -1.12926e-08
 10  0.02228 -5.18848e-09 | 11  0.01643 -2.03520e-08 | 12 -0.03717  7.02626e-07
 13 -0.03701  6.98600e-07 | 14 -0.01434  7.20078e-07 | 15 -0.02896  7.50668e-07
 16 -0.03895  7.43241e-07 | 17 -0.02100  7.14439e-07 | 18 -0.07702  7.52867e-07
 19  0.04778  3.98871e-07 | 20 -0.05173  6.79790e-07 | 21 -0.08022  6.70981e-07
 22 -0.05601  5.10809e-07 | 23  0.07367 -1.22633e-07 | 24  0.00802 -1.13069e-07
 25  0.03459 -8.50120e-07 | 26  0.00683 -6.76037e-07 | 27  0.01991 -1.35221e-06
 28  0.05262 -2.54842e-06 | 29  0.00757 -7.87648e-07 | 30  0.02593 -2.01326e-06
 31 -0.01440 -2.36674e-07 | 32 -0.00671 -1.21075e-06 | 33  0.04941 -2.80747e-06
 34  0.03793 -2.46941e-06 | 35  0.00196 -7.04312e-07 | 36  0.05880 -1.85081e-06
 37  0.03974 -4.73165e-07 | 38 -0.02083  4.09012e-07 | 39  0.03533  2.45315e-07
 40 -0.00161  6.03121e-07 | 41 -0.01219  7.85362e-07 | 42  0.00042  8.35818e-07
 43 -0.02802  8.31979e-07 | 44 -0.00054  8.40504e-07 | 45  0.02939  8.31205e-07
 46  0.00402  8.01635e-07 | 47  0.00091  7.87643e-07 | 48 -0.00019  7.79041e-07
 49 -0.00125  7.85284e-07 | 50 -0.00212  7.83539e-07 | 51 -0.00232  7.77210e-07
 52 -0.00237  7.87353e-07 | 53  0.50694  9.81919e-10 | 54 -0.01782  5.07784e-08
 55  0.17819 -8.86634e-09 | 56  0.11076 -1.39334e-07 | 57 -0.26531  6.38052e-09

 - final statistics:
57 variables; iteration 0; function evaluation 0
Function value 8.6121e+00; maximum gradient component mag -1.0074e-05
Exit code = 0;  converg criter 1.0000e+00
Var    Value     Gradient |Var    Value     Gradient |Var    Value     Gradient
  1  0.01564 -1.00745e-05 |  2 -0.01731 -1.65957e-07 |  3 -0.00053  1.32069e-08
  4 -0.00226 -1.54076e-09 |  5 -0.00964  5.47512e-09 |  6 -0.01240  5.31255e-09
  7 -0.01747  6.19887e-09 |  8 -0.00386 -1.38041e-09 |  9  0.01300 -1.12926e-08
 10  0.02228 -5.18848e-09 | 11  0.01643 -2.03520e-08 | 12 -0.03717  7.02623e-07
 13 -0.03701  6.98597e-07 | 14 -0.01434  7.20075e-07 | 15 -0.02896  7.50665e-07
 16 -0.03895  7.43238e-07 | 17 -0.02100  7.14436e-07 | 18 -0.07702  7.52864e-07
 19  0.04778  3.98869e-07 | 20 -0.05173  6.79788e-07 | 21 -0.08022  6.70978e-07
 22 -0.05601  5.10807e-07 | 23  0.07367 -1.22632e-07 | 24  0.00802 -1.13068e-07
 25  0.03459 -8.50116e-07 | 26  0.00683 -6.76034e-07 | 27  0.01991 -1.35220e-06
 28  0.05262 -2.54841e-06 | 29  0.00757 -7.87645e-07 | 30  0.02593 -2.01326e-06
 31 -0.01440 -2.36674e-07 | 32 -0.00671 -1.21075e-06 | 33  0.04941 -2.80745e-06
 34  0.03793 -2.46940e-06 | 35  0.00196 -7.04308e-07 | 36  0.05880 -1.85080e-06
 37  0.03974 -4.73164e-07 | 38 -0.02083  4.09010e-07 | 39  0.03533  2.45316e-07
 40 -0.00161  6.03119e-07 | 41 -0.01219  7.85358e-07 | 42  0.00042  8.35814e-07
 43 -0.02802  8.31976e-07 | 44 -0.00054  8.40501e-07 | 45  0.02939  8.31201e-07
 46  0.00402  8.01632e-07 | 47  0.00091  7.87639e-07 | 48 -0.00019  7.79038e-07
 49 -0.00125  7.85281e-07 | 50 -0.00212  7.83536e-07 | 51 -0.00232  7.77207e-07
 52 -0.00237  7.87349e-07 | 53  0.50694  9.81917e-10 | 54 -0.01782  5.07784e-08
 55  0.17819 -8.86634e-09 | 56  0.11076 -1.39334e-07 | 57 -0.26531  6.38059e-09

 - final statistics:
58 variables; iteration 0; function evaluation 0
Function value 8.6121e+00; maximum gradient component mag -1.0074e-05
Exit code = 0;  converg criter 1.0000e+00
Var    Value     Gradient |Var    Value     Gradient |Var    Value     Gradient
  1  0.01564 -1.00744e-05 |  2 -0.01731 -1.65957e-07 |  3 -0.00053  1.32069e-08
  4 -0.00226 -1.54077e-09 |  5 -0.00964  5.47511e-09 |  6 -0.01240  5.31254e-09
  7 -0.01747  6.19886e-09 |  8 -0.00386 -1.38043e-09 |  9  0.01300 -1.12927e-08
 10  0.02228 -5.18853e-09 | 11  0.01643 -2.03521e-08 | 12 -0.03717  7.02616e-07
 13 -0.03701  6.98590e-07 | 14 -0.01434  7.20068e-07 | 15 -0.02896  7.50658e-07
 16 -0.03895  7.43231e-07 | 17 -0.02100  7.14429e-07 | 18 -0.07702  7.52857e-07
 19  0.04778  3.98863e-07 | 20 -0.05173  6.79781e-07 | 21 -0.08022  6.70972e-07
 22 -0.05601  5.10801e-07 | 23  0.07367 -1.22635e-07 | 24  0.00802 -1.13070e-07
 25  0.03459 -8.50113e-07 | 26  0.00683 -6.76031e-07 | 27  0.01991 -1.35220e-06
 28  0.05262 -2.54839e-06 | 29  0.00757 -7.87640e-07 | 30  0.02593 -2.01324e-06
 31 -0.01440 -2.36672e-07 | 32 -0.00671 -1.21074e-06 | 33  0.04941 -2.80743e-06
 34  0.03793 -2.46938e-06 | 35  0.00196 -7.04300e-07 | 36  0.05880 -1.85078e-06
 37  0.03974 -4.73153e-07 | 38 -0.02083  4.09010e-07 | 39  0.03533  2.45316e-07
 40 -0.00161  6.03116e-07 | 41 -0.01219  7.85354e-07 | 42  0.00042  8.35809e-07
 43 -0.02802  8.31969e-07 | 44 -0.00054  8.40494e-07 | 45  0.02939  8.31195e-07
 46  0.00402  8.01625e-07 | 47  0.00091  7.87633e-07 | 48 -0.00019  7.79031e-07
 49 -0.00125  7.85275e-07 | 50 -0.00212  7.83529e-07 | 51 -0.00232  7.77200e-07
 52 -0.00237  7.87343e-07 | 53  0.50694  9.81953e-10 | 54 -0.01782  5.07779e-08
 55  0.17819 -8.86637e-09 | 56  0.18290 -2.24604e-08 | 57  0.11076 -1.39335e-07
 58 -0.26531  6.38076e-09 |

 - final statistics:
59 variables; iteration 0; function evaluation 0
Function value 8.6121e+00; maximum gradient component mag -1.0074e-05
Exit code = 0;  converg criter 1.0000e+00
Var    Value     Gradient |Var    Value     Gradient |Var    Value     Gradient
  1  0.01564 -1.00744e-05 |  2 -0.01731 -1.65957e-07 |  3 -0.00053  1.32069e-08
  4 -0.00226 -1.54077e-09 |  5 -0.00964  5.47511e-09 |  6 -0.01240  5.31254e-09
  7 -0.01747  6.19886e-09 |  8 -0.00386 -1.38043e-09 |  9  0.01300 -1.12927e-08
 10  0.02228 -5.18853e-09 | 11  0.01643 -2.03521e-08 | 12 -0.03717  7.02616e-07
 13 -0.03701  6.98590e-07 | 14 -0.01434  7.20068e-07 | 15 -0.02896  7.50658e-07
 16 -0.03895  7.43231e-07 | 17 -0.02100  7.14429e-07 | 18 -0.07702  7.52857e-07
 19  0.04778  3.98863e-07 | 20 -0.05173  6.79781e-07 | 21 -0.08022  6.70972e-07
 22 -0.05601  5.10801e-07 | 23  0.07367 -1.22635e-07 | 24  0.00802 -1.13070e-07
 25  0.03459 -8.50113e-07 | 26  0.00683 -6.76031e-07 | 27  0.01991 -1.35220e-06
 28  0.05262 -2.54839e-06 | 29  0.00757 -7.87640e-07 | 30  0.02593 -2.01324e-06
 31 -0.01440 -2.36672e-07 | 32 -0.00671 -1.21074e-06 | 33  0.04941 -2.80743e-06
 34  0.03793 -2.46938e-06 | 35  0.00196 -7.04300e-07 | 36  0.05880 -1.85078e-06
 37  0.03974 -4.73153e-07 | 38 -0.02083  4.09010e-07 | 39  0.03533  2.45316e-07
 40 -0.00161  6.03116e-07 | 41 -0.01219  7.85354e-07 | 42  0.00042  8.35809e-07
 43 -0.02802  8.31969e-07 | 44 -0.00054  8.40494e-07 | 45  0.02939  8.31195e-07
 46  0.00402  8.01625e-07 | 47  0.00091  7.87633e-07 | 48 -0.00019  7.79031e-07
 49 -0.00125  7.85275e-07 | 50 -0.00212  7.83529e-07 | 51 -0.00232  7.77200e-07
 52 -0.00237  7.87343e-07 | 53  0.50694  9.81952e-10 | 54 -0.01782  5.07779e-08
 55  0.17819 -8.86636e-09 | 56  0.18290 -2.24604e-08 | 57 -0.25485 -4.79800e-10
 58  0.11076 -1.39335e-07 | 59 -0.26531  6.38076e-09 |

Initial statistics: 60 variables; iteration 0; function evaluation 0; phase 6
Function value 8.6121345e+00; maximum gradient component mag -1.0074e-05
Var    Value     Gradient |Var    Value     Gradient |Var    Value     Gradient
  1  0.01564 -1.00744e-05 |  2 -0.01731 -1.65957e-07 |  3 -0.00053  1.32069e-08
  4 -0.00226 -1.54077e-09 |  5 -0.00964  5.47511e-09 |  6 -0.01240  5.31254e-09
  7 -0.01747  6.19886e-09 |  8 -0.00386 -1.38043e-09 |  9  0.01300 -1.12927e-08
 10  0.02228 -5.18853e-09 | 11  0.01643 -2.03521e-08 | 12 -0.03717  7.02616e-07
 13 -0.03701  6.98590e-07 | 14 -0.01434  7.20068e-07 | 15 -0.02896  7.50658e-07
 16 -0.03895  7.43231e-07 | 17 -0.02100  7.14429e-07 | 18 -0.07702  7.52857e-07
 19  0.04778  3.98863e-07 | 20 -0.05173  6.79781e-07 | 21 -0.08022  6.70972e-07
 22 -0.05601  5.10801e-07 | 23  0.07367 -1.22635e-07 | 24  0.00802 -1.13070e-07
 25  0.03459 -8.50113e-07 | 26  0.00683 -6.76031e-07 | 27  0.01991 -1.35220e-06
 28  0.05262 -2.54839e-06 | 29  0.00757 -7.87640e-07 | 30  0.02593 -2.01324e-06
 31 -0.01440 -2.36672e-07 | 32 -0.00671 -1.21074e-06 | 33  0.04941 -2.80743e-06
 34  0.03793 -2.46938e-06 | 35  0.00196 -7.04300e-07 | 36  0.05880 -1.85078e-06
 37  0.03974 -4.73153e-07 | 38 -0.02083  4.09010e-07 | 39  0.03533  2.45316e-07
 40 -0.00161  6.03116e-07 | 41 -0.01219  7.85354e-07 | 42  0.00042  8.35809e-07
 43 -0.02802  8.31969e-07 | 44 -0.00054  8.40494e-07 | 45  0.02939  8.31195e-07
 46  0.00402  8.01625e-07 | 47  0.00091  7.87633e-07 | 48 -0.00019  7.79031e-07
 49 -0.00125  7.85275e-07 | 50 -0.00212  7.83529e-07 | 51 -0.00232  7.77200e-07
 52 -0.00237  7.87343e-07 | 53  0.50694  9.81952e-10 | 54 -0.01782  5.07779e-08
 55  0.17819 -8.86636e-09 | 56  0.18290 -2.24604e-08 | 57 -0.25485 -4.79800e-10
 58 -0.05971  5.39151e-09 | 59  0.11076 -1.39335e-07 | 60 -0.26531  6.38076e-09
  ic > imax  in fminim is answer attained ?
Var    Value     Gradient |Var    Value     Gradient |Var    Value     Gradient
  1  0.01564 -1.00744e-05 |  2 -0.01731 -1.65957e-07 |  3 -0.00053  1.32069e-08
  4 -0.00226 -1.54077e-09 |  5 -0.00964  5.47511e-09 |  6 -0.01240  5.31254e-09
  7 -0.01747  6.19886e-09 |  8 -0.00386 -1.38043e-09 |  9  0.01300 -1.12927e-08
 10  0.02228 -5.18853e-09 | 11  0.01643 -2.03521e-08 | 12 -0.03717  7.02616e-07
 13 -0.03701  6.98590e-07 | 14 -0.01434  7.20068e-07 | 15 -0.02896  7.50658e-07
 16 -0.03895  7.43231e-07 | 17 -0.02100  7.14429e-07 | 18 -0.07702  7.52857e-07
 19  0.04778  3.98863e-07 | 20 -0.05173  6.79781e-07 | 21 -0.08022  6.70972e-07
 22 -0.05601  5.10801e-07 | 23  0.07367 -1.22635e-07 | 24  0.00802 -1.13070e-07
 25  0.03459 -8.50113e-07 | 26  0.00683 -6.76031e-07 | 27  0.01991 -1.35220e-06
 28  0.05262 -2.54839e-06 | 29  0.00757 -7.87640e-07 | 30  0.02593 -2.01324e-06
 31 -0.01440 -2.36672e-07 | 32 -0.00671 -1.21074e-06 | 33  0.04941 -2.80743e-06
 34  0.03793 -2.46938e-06 | 35  0.00196 -7.04300e-07 | 36  0.05880 -1.85078e-06
 37  0.03974 -4.73153e-07 | 38 -0.02083  4.09010e-07 | 39  0.03533  2.45316e-07
 40 -0.00161  6.03116e-07 | 41 -0.01219  7.85354e-07 | 42  0.00042  8.35809e-07
 43 -0.02802  8.31969e-07 | 44 -0.00054  8.40494e-07 | 45  0.02939  8.31195e-07
 46  0.00402  8.01625e-07 | 47  0.00091  7.87633e-07 | 48 -0.00019  7.79031e-07
 49 -0.00125  7.85275e-07 | 50 -0.00212  7.83529e-07 | 51 -0.00232  7.77200e-07
 52 -0.00237  7.87343e-07 | 53  0.50694  9.81952e-10 | 54 -0.01782  5.07779e-08
 55  0.17819 -8.86636e-09 | 56  0.18290 -2.24604e-08 | 57 -0.25485 -4.79800e-10
 58 -0.05971  5.39151e-09 | 59  0.11076 -1.39335e-07 | 60 -0.26531  6.38076e-09
Function minimizer not making progress ... is minimum attained?
Minimprove criterion = 0.0000e+00

 - final statistics:
60 variables; iteration 1; function evaluation 30
Function value 8.6121e+00; maximum gradient component mag -1.0074e-05
Exit code = 1;  converg criter 1.0000e-05
Var    Value     Gradient |Var    Value     Gradient |Var    Value     Gradient
  1  0.01564 -1.00744e-05 |  2 -0.01731 -1.65957e-07 |  3 -0.00053  1.32069e-08
  4 -0.00226 -1.54077e-09 |  5 -0.00964  5.47511e-09 |  6 -0.01240  5.31254e-09
  7 -0.01747  6.19886e-09 |  8 -0.00386 -1.38043e-09 |  9  0.01300 -1.12927e-08
 10  0.02228 -5.18853e-09 | 11  0.01643 -2.03521e-08 | 12 -0.03717  7.02616e-07
 13 -0.03701  6.98590e-07 | 14 -0.01434  7.20068e-07 | 15 -0.02896  7.50658e-07
 16 -0.03895  7.43231e-07 | 17 -0.02100  7.14429e-07 | 18 -0.07702  7.52857e-07
 19  0.04778  3.98863e-07 | 20 -0.05173  6.79781e-07 | 21 -0.08022  6.70972e-07
 22 -0.05601  5.10801e-07 | 23  0.07367 -1.22635e-07 | 24  0.00802 -1.13070e-07
 25  0.03459 -8.50113e-07 | 26  0.00683 -6.76031e-07 | 27  0.01991 -1.35220e-06
 28  0.05262 -2.54839e-06 | 29  0.00757 -7.87640e-07 | 30  0.02593 -2.01324e-06
 31 -0.01440 -2.36672e-07 | 32 -0.00671 -1.21074e-06 | 33  0.04941 -2.80743e-06
 34  0.03793 -2.46938e-06 | 35  0.00196 -7.04300e-07 | 36  0.05880 -1.85078e-06
 37  0.03974 -4.73153e-07 | 38 -0.02083  4.09010e-07 | 39  0.03533  2.45316e-07
 40 -0.00161  6.03116e-07 | 41 -0.01219  7.85354e-07 | 42  0.00042  8.35809e-07
 43 -0.02802  8.31969e-07 | 44 -0.00054  8.40494e-07 | 45  0.02939  8.31195e-07
 46  0.00402  8.01625e-07 | 47  0.00091  7.87633e-07 | 48 -0.00019  7.79031e-07
 49 -0.00125  7.85275e-07 | 50 -0.00212  7.83529e-07 | 51 -0.00232  7.77200e-07
 52 -0.00237  7.87343e-07 | 53  0.50694  9.81952e-10 | 54 -0.01782  5.07779e-08
 55  0.17819 -8.86636e-09 | 56  0.18290 -2.24604e-08 | 57 -0.25485 -4.79800e-10
 58 -0.05971  5.39151e-09 | 59  0.11076 -1.39335e-07 | 60 -0.26531  6.38076e-09

Initial statistics: 62 variables; iteration 0; function evaluation 0; phase 7
Function value 8.6121345e+00; maximum gradient component mag -1.0068e-05
Var    Value     Gradient |Var    Value     Gradient |Var    Value     Gradient
  1  0.01564 -1.00679e-05 |  2 -0.01731 -1.65911e-07 |  3 -0.00053  1.32070e-08
  4 -0.00226 -1.54024e-09 |  5 -0.00964  5.47547e-09 |  6 -0.01240  5.31312e-09
  7 -0.01747  6.19944e-09 |  8 -0.00386 -1.37916e-09 |  9  0.01300 -1.12908e-08
 10  0.02228 -5.18535e-09 | 11  0.01643 -2.03468e-08 | 12 -0.03717  7.02133e-07
 13 -0.03701  6.98109e-07 | 14 -0.01434  7.19591e-07 | 15 -0.02896  7.50178e-07
 16 -0.03895  7.42751e-07 | 17 -0.02100  7.13973e-07 | 18 -0.07702  7.52399e-07
 19  0.04778  3.98646e-07 | 20 -0.05173  6.79375e-07 | 21 -0.08022  6.70562e-07
 22 -0.05601  5.10474e-07 | 23  0.07367 -1.22496e-07 | 24  0.00802 -1.12915e-07
 25  0.03459 -8.49465e-07 | 26  0.00683 -6.75494e-07 | 27  0.01991 -1.35120e-06
 28  0.05262 -2.54662e-06 | 29  0.00757 -7.87079e-07 | 30  0.02593 -2.01187e-06
 31 -0.01440 -2.36520e-07 | 32 -0.00671 -1.20997e-06 | 33  0.04941 -2.80556e-06
 34  0.03793 -2.46798e-06 | 35  0.00196 -7.03841e-07 | 36  0.05880 -1.84985e-06
 37  0.03974 -4.73009e-07 | 38 -0.02083  4.08692e-07 | 39  0.03533  2.45016e-07
 40 -0.00161  6.02666e-07 | 41 -0.01219  7.84835e-07 | 42  0.00042  8.35264e-07
 43 -0.02802  8.31439e-07 | 44 -0.00054  8.39966e-07 | 45  0.02939  8.30675e-07
 46  0.00402  8.01118e-07 | 47  0.00091  7.87128e-07 | 48 -0.00019  7.78527e-07
 49 -0.00125  7.84771e-07 | 50 -0.00212  7.83026e-07 | 51 -0.00232  7.76697e-07
 52 -0.00237  7.86839e-07 | 53  0.00000  0.00000e+00 | 54  0.00000  0.00000e+00
 55  0.50694  9.79621e-10 | 56 -0.01782  5.07775e-08 | 57  0.17819 -8.86391e-09
 58  0.18290 -2.24586e-08 | 59 -0.25485 -4.79686e-10 | 60 -0.05971  5.39587e-09
 61  0.11076 -1.39326e-07 | 62 -0.26531  6.38169e-09 |
  ic > imax  in fminim is answer attained ?
Var    Value     Gradient |Var    Value     Gradient |Var    Value     Gradient
  1  0.01564 -1.00679e-05 |  2 -0.01731 -1.65911e-07 |  3 -0.00053  1.32070e-08
  4 -0.00226 -1.54024e-09 |  5 -0.00964  5.47547e-09 |  6 -0.01240  5.31312e-09
  7 -0.01747  6.19944e-09 |  8 -0.00386 -1.37916e-09 |  9  0.01300 -1.12908e-08
 10  0.02228 -5.18535e-09 | 11  0.01643 -2.03468e-08 | 12 -0.03717  7.02133e-07
 13 -0.03701  6.98109e-07 | 14 -0.01434  7.19591e-07 | 15 -0.02896  7.50178e-07
 16 -0.03895  7.42751e-07 | 17 -0.02100  7.13973e-07 | 18 -0.07702  7.52399e-07
 19  0.04778  3.98646e-07 | 20 -0.05173  6.79375e-07 | 21 -0.08022  6.70562e-07
 22 -0.05601  5.10474e-07 | 23  0.07367 -1.22496e-07 | 24  0.00802 -1.12915e-07
 25  0.03459 -8.49465e-07 | 26  0.00683 -6.75494e-07 | 27  0.01991 -1.35120e-06
 28  0.05262 -2.54662e-06 | 29  0.00757 -7.87079e-07 | 30  0.02593 -2.01187e-06
 31 -0.01440 -2.36520e-07 | 32 -0.00671 -1.20997e-06 | 33  0.04941 -2.80556e-06
 34  0.03793 -2.46798e-06 | 35  0.00196 -7.03841e-07 | 36  0.05880 -1.84985e-06
 37  0.03974 -4.73009e-07 | 38 -0.02083  4.08692e-07 | 39  0.03533  2.45016e-07
 40 -0.00161  6.02666e-07 | 41 -0.01219  7.84835e-07 | 42  0.00042  8.35264e-07
 43 -0.02802  8.31439e-07 | 44 -0.00054  8.39966e-07 | 45  0.02939  8.30675e-07
 46  0.00402  8.01118e-07 | 47  0.00091  7.87128e-07 | 48 -0.00019  7.78527e-07
 49 -0.00125  7.84771e-07 | 50 -0.00212  7.83026e-07 | 51 -0.00232  7.76697e-07
 52 -0.00237  7.86839e-07 | 53  0.00000  0.00000e+00 | 54  0.00000  0.00000e+00
 55  0.50694  9.79621e-10 | 56 -0.01782  5.07775e-08 | 57  0.17819 -8.86391e-09
 58  0.18290 -2.24586e-08 | 59 -0.25485 -4.79686e-10 | 60 -0.05971  5.39587e-09
 61  0.11076 -1.39326e-07 | 62 -0.26531  6.38169e-09 |
Function minimizer not making progress ... is minimum attained?
Minimprove criterion = 0.0000e+00

 - final statistics:
62 variables; iteration 1; function evaluation 30
Function value 8.6121e+00; maximum gradient component mag -1.0068e-05
Exit code = 1;  converg criter 1.0000e-05
Var    Value     Gradient |Var    Value     Gradient |Var    Value     Gradient
  1  0.01564 -1.00679e-05 |  2 -0.01731 -1.65911e-07 |  3 -0.00053  1.32070e-08
  4 -0.00226 -1.54024e-09 |  5 -0.00964  5.47547e-09 |  6 -0.01240  5.31312e-09
  7 -0.01747  6.19944e-09 |  8 -0.00386 -1.37916e-09 |  9  0.01300 -1.12908e-08
 10  0.02228 -5.18535e-09 | 11  0.01643 -2.03468e-08 | 12 -0.03717  7.02133e-07
 13 -0.03701  6.98109e-07 | 14 -0.01434  7.19591e-07 | 15 -0.02896  7.50178e-07
 16 -0.03895  7.42751e-07 | 17 -0.02100  7.13973e-07 | 18 -0.07702  7.52399e-07
 19  0.04778  3.98646e-07 | 20 -0.05173  6.79375e-07 | 21 -0.08022  6.70562e-07
 22 -0.05601  5.10474e-07 | 23  0.07367 -1.22496e-07 | 24  0.00802 -1.12915e-07
 25  0.03459 -8.49465e-07 | 26  0.00683 -6.75494e-07 | 27  0.01991 -1.35120e-06
 28  0.05262 -2.54662e-06 | 29  0.00757 -7.87079e-07 | 30  0.02593 -2.01187e-06
 31 -0.01440 -2.36520e-07 | 32 -0.00671 -1.20997e-06 | 33  0.04941 -2.80556e-06
 34  0.03793 -2.46798e-06 | 35  0.00196 -7.03841e-07 | 36  0.05880 -1.84985e-06
 37  0.03974 -4.73009e-07 | 38 -0.02083  4.08692e-07 | 39  0.03533  2.45016e-07
 40 -0.00161  6.02666e-07 | 41 -0.01219  7.84835e-07 | 42  0.00042  8.35264e-07
 43 -0.02802  8.31439e-07 | 44 -0.00054  8.39966e-07 | 45  0.02939  8.30675e-07
 46  0.00402  8.01118e-07 | 47  0.00091  7.87128e-07 | 48 -0.00019  7.78527e-07
 49 -0.00125  7.84771e-07 | 50 -0.00212  7.83026e-07 | 51 -0.00232  7.76697e-07
 52 -0.00237  7.86839e-07 | 53  0.00000  0.00000e+00 | 54  0.00000  0.00000e+00
 55  0.50694  9.79621e-10 | 56 -0.01782  5.07775e-08 | 57  0.17819 -8.86391e-09
 58  0.18290 -2.24586e-08 | 59 -0.25485 -4.79686e-10 | 60 -0.05971  5.39587e-09
 61  0.11076 -1.39326e-07 | 62 -0.26531  6.38169e-09 |
size of file gradfil1.tmp = 0
size of file gradfil2.tmp = 0
size of file varssave.tmp = 0
size of file cmpdiff.tmp = 200000008
